// Jest Snapshot v1, https://goo.gl/fbAQLP

exports[`todo item props data is undefined 1`] = `<div />`;

exports[`todo item props data normal case 1`] = `
<div
  className="todo-container"
>
  <span
    className="MuiCheckbox-root MuiCheckbox-colorSuccess MuiButtonBase-root MuiCheckbox-root MuiCheckbox-colorSuccess PrivateSwitchBase-root todo-checkBox css-10drtbx-MuiButtonBase-root-MuiCheckbox-root"
    onBlur={[Function]}
    onClick={[Function]}
    onContextMenu={[Function]}
    onDragLeave={[Function]}
    onFocus={[Function]}
    onKeyDown={[Function]}
    onKeyUp={[Function]}
    onMouseDown={[Function]}
    onMouseLeave={[Function]}
    onMouseUp={[Function]}
    onTouchEnd={[Function]}
    onTouchMove={[Function]}
    onTouchStart={[Function]}
    tabIndex={null}
  >
    <input
      checked={false}
      className="PrivateSwitchBase-input css-1m9pwf3"
      data-indeterminate={false}
      onChange={[Function]}
      type="checkbox"
    />
    <svg
      aria-hidden={true}
      className="MuiSvgIcon-root MuiSvgIcon-fontSizeMedium css-i4bv87-MuiSvgIcon-root"
      data-testid="CheckBoxOutlineBlankIcon"
      focusable="false"
      viewBox="0 0 24 24"
    >
      <path
        d="M19 5v14H5V5h14m0-2H5c-1.1 0-2 .9-2 2v14c0 1.1.9 2 2 2h14c1.1 0 2-.9 2-2V5c0-1.1-.9-2-2-2z"
      />
    </svg>
  </span>
  <div>
    <p
      className="todo-content"
    >
      Hello
    </p>
    <p
      className="todo-date dueDate"
    >
      5/13/2022, 8:52:00 AM
    </p>
  </div>
</div>
`;

exports[`todo item props data.id is undefined 1`] = `<div />`;
